/guides/creating-and-using-cxml-applications /compatibility-api/guides/general/creating-and-using-cxml-scripts;
/guides/creating-and-using-cxml-applications/ /compatibility-api/guides/general/creating-and-using-cxml-scripts;
/swml/guides/ai/getting-started /ai/get-started;
/swml/guides/ai/getting-started/ /ai/get-started;
/swml/guides/ai/best_practices/ /swml/guides/ai/best-practices;

# Replace AI getting started
/ai/get-started/dashboard-ai-agents /ai/get-started;
/ai/get-started/dashboard-ai-agents/ /ai/get-started;

# Updating Dashboard docs for the new UI
/platform/dashboard/getting-started/your-signalwire-phone-numbers-space /platform/dashboard/get-started/phone-numbers;
/platform/dashboard/getting-started/your-signalwire-phone-numbers-space/ /platform/dashboard/get-started/phone-numbers;
/platform/dashboard/getting-started/navigating-your-space /platform/dashboard/get-started/explore;
/platform/dashboard/getting-started/navigating-your-space/ /platform/dashboard/get-started/explore;
/platform/dashboard/getting-started/your-signalwire-video-space /platform/dashboard/get-started/video;
/platform/dashboard/getting-started/your-signalwire-video-space/ /platform/dashboard/get-started/video;

/swml/guides/ai/set_metadata /swml/guides/ai/set_meta_data;
/swml/guides/ai/set_metadata/ /swml/guides/ai/set_meta_data;

/platform/call-fabric/managing-your-signalwire-resources /platform/call-fabric/resources;
/platform/call-fabric/managing-your-signalwire-resources/ /platform/call-fabric/resources;
/platform/dashboard/get-started/video /video/conference;
/platform/dashboard/get-started/video/ /video/conference;
/video/getting-started/video-conferences /video/conference;
/video/getting-started/video-conferences/ /video/conference;
/video/getting-started/creating-a-video-room /video/conference;
/video/getting-started/creating-a-video-room/ /video/conference;
/platform/dashboard/getting-started/your-signalwire-sip-space /voice/sip;
/platform/dashboard/getting-started/your-signalwire-sip-space/ /voice/sip;
/voice/getting-started/sip /voice/sip;
/voice/getting-started/sip/ /voice/sip;
/voice/getting-started/sip/set-up-a-signalwire-phone-number-with-a-sip-endpoint /voice/sip/get-started;
/voice/getting-started/sip/set-up-a-signalwire-phone-number-with-a-sip-endpoint/ /voice/sip/get-started;
/messaging/getting-started/how-to-forward-messages /messaging/getting-started/receiving-your-first-sms;
/messaging/getting-started/how-to-forward-messages/ /messaging/getting-started/receiving-your-first-sms;

# Cassie requested these redirects for dashboard links on 4/11/25
/page/your-signalwire-phone-numbers-space /platform/dashboard/get-started/phone-numbers;
/page/your-signalwire-phone-numbers-space/ /platform/dashboard/get-started/phone-numbers;
/page/your-signalwire-video-space /platform/dashboard/get-started/explore#video;
/page/your-signalwire-video-space/ /platform/dashboard/get-started/explore#video;
/help/your-signalwire-messaging-campaigns-space /platform/dashboard/get-started/explore#messaging-campaigns;
/help/your-signalwire-messaging-campaigns-space/ /platform/dashboard/get-started/explore#messaging-campaigns;

# Redirect for cXML applications since rest endpoints were removed - 4/18/25
/compatibility-api/guides/general/creating-and-using-cxml-applications /compatibility-api/guides/general/creating-and-using-cxml-scripts;
/compatibility-api/guides/general/creating-and-using-cxml-applications/ /compatibility-api/guides/general/creating-and-using-cxml-scripts;